52 32 43 32 53 0 0 0 0 0 0 0 0 0 0 0 0 0 0 0 
0 52 32 32 32 53 0 0 0 0 0 0 0 0 0 0 0 0 0 0 
0 52 32 32 32 53 32 43 64 0 0 0 0 0 0 0 0 0 0 0 
9
0